
Allocating common symbols
Common symbol       size              file

idt_ptr             0x6               kernel/global.o
Map                 0x20d             kernel/main.o
inode_table         0xb00             kernel/global.o
task_stack          0x38000           kernel/global.o
k_reenter           0x4               kernel/global.o
gdt                 0x400             kernel/global.o
current_console     0x4               kernel/global.o
pcaller             0x4               kernel/global.o
tty_table           0xc6c             kernel/global.o
tss                 0x68              kernel/global.o
fs_msg              0x30              kernel/global.o
f_desc_table        0x300             kernel/global.o
root_inode          0x4               kernel/global.o
disp_pos            0x4               kernel/global.o
key_pressed         0x4               kernel/global.o
gdt_ptr             0x6               kernel/global.o
idt                 0x800             kernel/global.o
super_block         0x1e0             kernel/global.o
PARTITION_ENTRY     0x10              kernel/hd.o
ticks               0x4               kernel/global.o
console_table       0x3c              kernel/global.o
irq_table           0x40              kernel/global.o
p_proc_ready        0x4               kernel/global.o
proc_table          0xb44             kernel/global.o
Snake               0x189c            kernel/main.o

Discarded input sections

 .note.GNU-stack
                0x0000000000000000        0x0 kernel/start.o
 .note.GNU-stack
                0x0000000000000000        0x0 kernel/main.o
 .note.GNU-stack
                0x0000000000000000        0x0 kernel/clock.o
 .note.GNU-stack
                0x0000000000000000        0x0 kernel/keyboard.o
 .note.GNU-stack
                0x0000000000000000        0x0 kernel/tty.o
 .note.GNU-stack
                0x0000000000000000        0x0 kernel/console.o
 .note.GNU-stack
                0x0000000000000000        0x0 kernel/i8259.o
 .note.GNU-stack
                0x0000000000000000        0x0 kernel/global.o
 .note.GNU-stack
                0x0000000000000000        0x0 kernel/protect.o
 .note.GNU-stack
                0x0000000000000000        0x0 kernel/proc.o
 .note.GNU-stack
                0x0000000000000000        0x0 kernel/systask.o
 .note.GNU-stack
                0x0000000000000000        0x0 kernel/hd.o
 .note.GNU-stack
                0x0000000000000000        0x0 lib/printf.o
 .note.GNU-stack
                0x0000000000000000        0x0 lib/vsprintf.o
 .note.GNU-stack
                0x0000000000000000        0x0 lib/klib.o
 .note.GNU-stack
                0x0000000000000000        0x0 lib/ls.o
 .note.GNU-stack
                0x0000000000000000        0x0 lib/sl.o
 .note.GNU-stack
                0x0000000000000000        0x0 lib/misc.o
 .note.GNU-stack
                0x0000000000000000        0x0 lib/mkdir.o
 .note.GNU-stack
                0x0000000000000000        0x0 lib/open.o
 .note.GNU-stack
                0x0000000000000000        0x0 lib/read.o
 .note.GNU-stack
                0x0000000000000000        0x0 lib/write.o
 .note.GNU-stack
                0x0000000000000000        0x0 lib/close.o
 .note.GNU-stack
                0x0000000000000000        0x0 lib/unlink.o
 .note.GNU-stack
                0x0000000000000000        0x0 lib/getpid.o
 .note.GNU-stack
                0x0000000000000000        0x0 lib/syslog.o
 .note.GNU-stack
                0x0000000000000000        0x0 fs/main.o
 .note.GNU-stack
                0x0000000000000000        0x0 fs/open.o
 .note.GNU-stack
                0x0000000000000000        0x0 fs/misc.o
 .note.GNU-stack
                0x0000000000000000        0x0 fs/read_write.o
 .note.GNU-stack
                0x0000000000000000        0x0 fs/link.o
 .note.GNU-stack
                0x0000000000000000        0x0 fs/disklog.o

Memory Configuration

Name             Origin             Length             Attributes
*default*        0x0000000000000000 0xffffffffffffffff

Linker script and memory map

Address of section .text set to 0x1000
LOAD kernel/kernel.o
LOAD lib/syscall.o
LOAD kernel/start.o
LOAD kernel/main.o
LOAD kernel/clock.o
LOAD kernel/keyboard.o
LOAD kernel/tty.o
LOAD kernel/console.o
LOAD kernel/i8259.o
LOAD kernel/global.o
LOAD kernel/protect.o
LOAD kernel/proc.o
LOAD kernel/systask.o
LOAD kernel/hd.o
LOAD lib/printf.o
LOAD lib/vsprintf.o
LOAD lib/kliba.o
LOAD lib/klib.o
LOAD lib/string.o
LOAD lib/ls.o
LOAD lib/sl.o
LOAD lib/misc.o
LOAD lib/mkdir.o
LOAD lib/open.o
LOAD lib/read.o
LOAD lib/write.o
LOAD lib/close.o
LOAD lib/unlink.o
LOAD lib/getpid.o
LOAD lib/syslog.o
LOAD fs/main.o
LOAD fs/open.o
LOAD fs/misc.o
LOAD fs/read_write.o
LOAD fs/link.o
LOAD fs/disklog.o
                0x0000000008048000                PROVIDE (__executable_start, 0x8048000)
                0x0000000008048094                . = (0x8048000 + SIZEOF_HEADERS)

.interp
 *(.interp)

.note.gnu.build-id
 *(.note.gnu.build-id)

.hash
 *(.hash)

.gnu.hash
 *(.gnu.hash)

.dynsym
 *(.dynsym)

.dynstr
 *(.dynstr)

.gnu.version
 *(.gnu.version)

.gnu.version_d
 *(.gnu.version_d)

.gnu.version_r
 *(.gnu.version_r)

.rel.dyn        0x0000000008048094        0x0
 *(.rel.init)
 *(.rel.text .rel.text.* .rel.gnu.linkonce.t.*)
 .rel.text      0x0000000000000000        0x0 kernel/kernel.o
 *(.rel.fini)
 *(.rel.rodata .rel.rodata.* .rel.gnu.linkonce.r.*)
 *(.rel.data.rel.ro .rel.data.rel.ro.* .rel.gnu.linkonce.d.rel.ro.*)
 *(.rel.data .rel.data.* .rel.gnu.linkonce.d.*)
 .rel.data      0x0000000000000000        0x0 kernel/kernel.o
 *(.rel.tdata .rel.tdata.* .rel.gnu.linkonce.td.*)
 *(.rel.tbss .rel.tbss.* .rel.gnu.linkonce.tb.*)
 *(.rel.ctors)
 *(.rel.dtors)
 *(.rel.got)
 *(.rel.bss .rel.bss.* .rel.gnu.linkonce.b.*)
 *(.rel.ifunc)

.rel.plt        0x0000000008048094        0x0
 *(.rel.plt)
                0x0000000008048094                PROVIDE (__rel_iplt_start, .)
 *(.rel.iplt)
 .rel.iplt      0x0000000000000000        0x0 kernel/kernel.o
                0x0000000008048094                PROVIDE (__rel_iplt_end, .)

.init
 *(SORT(.init))

.plt            0x00000000080480a0        0x0
 *(.plt)
 *(.iplt)
 .iplt          0x0000000000000000        0x0 kernel/kernel.o

.text           0x0000000000001000    0x11371
 *(.text.unlikely .text.*_unlikely .text.unlikely.*)
 *(.text.exit .text.exit.*)
 *(.text.startup .text.startup.*)
 *(.text.hot .text.hot.*)
 *(.text .stub .text.* .gnu.linkonce.t.*)
 .text          0x0000000000001000      0x410 kernel/kernel.o
                0x0000000000001000                _start
                0x0000000000001040                hwint00
                0x0000000000001070                hwint01
                0x00000000000010a0                hwint02
                0x00000000000010d0                hwint03
                0x0000000000001100                hwint04
                0x0000000000001130                hwint05
                0x0000000000001160                hwint06
                0x0000000000001190                hwint07
                0x00000000000011c0                hwint08
                0x00000000000011f0                hwint09
                0x0000000000001220                hwint10
                0x0000000000001250                hwint11
                0x0000000000001280                hwint12
                0x00000000000012b0                hwint13
                0x00000000000012e0                hwint14
                0x0000000000001310                hwint15
                0x0000000000001334                divide_error
                0x000000000000133a                single_step_exception
                0x0000000000001340                nmi
                0x0000000000001346                breakpoint_exception
                0x000000000000134c                overflow
                0x0000000000001352                bounds_check
                0x0000000000001358                inval_opcode
                0x000000000000135e                copr_not_available
                0x0000000000001364                double_fault
                0x0000000000001368                copr_seg_overrun
                0x000000000000136e                inval_tss
                0x0000000000001372                segment_not_present
                0x0000000000001376                stack_exception
                0x000000000000137a                general_protection
                0x000000000000137e                page_fault
                0x0000000000001382                copr_error
                0x00000000000013cb                sys_call
                0x00000000000013eb                restart
 .text          0x0000000000001410       0x28 lib/syscall.o
                0x0000000000001410                sendrec
                0x000000000000142a                printx
 .text          0x0000000000001438       0x8e kernel/start.o
                0x0000000000001438                cstart
 .text          0x00000000000014c6     0x576d kernel/main.o
                0x00000000000014c6                rand2048
                0x00000000000014ed                srand2048
                0x00000000000014fa                start2048Game
                0x00000000000015a0                morge2048
                0x00000000000018a2                printNums2048
                0x0000000000001940                isAlive2048
                0x000000000000196d                canEliminate2048
                0x0000000000001a36                zeroNum2048
                0x0000000000001a8c                addrandom2048
                0x0000000000001b2b                move2048
                0x0000000000001be9                merge2048
                0x0000000000001c93                initData
                0x0000000000001d28                kernel_main
                0x0000000000001fcf                get_ticks
                0x0000000000002007                addTwoString
                0x000000000000209d                shell
                0x000000000000321c                TestA
                0x0000000000003259                TestB
                0x0000000000003291                TestC
                0x00000000000032bd                panic
                0x000000000000330d                findpass
                0x0000000000003380                clearArr
                0x00000000000033a8                printAbout
                0x000000000000341d                clear
                0x00000000000034a8                doTest
                0x00000000000034f2                verifyFilePass
                0x000000000000357d                doEncrypt
                0x00000000000037bf                help
                0x00000000000038b7                ProcessManage
                0x00000000000039a3                p0
                0x00000000000039d3                animation
                0x0000000000005c16                srand_minesweeper
                0x0000000000005c23                rand_minesweeper
                0x0000000000005cc3                show_mat
                0x0000000000005e61                init_game
                0x0000000000005f96                check
                0x0000000000006038                dfs
                0x0000000000006170                game
                0x000000000000649d                judgeInpt
                0x00000000000064e7                changeToLeft
                0x000000000000650a                changeToDown
                0x000000000000652d                changeToRight
                0x0000000000006550                changeToUp
                0x0000000000006573                snakeGame
                0x000000000000658a                initGame
                0x0000000000006675                initFood
                0x00000000000066f0                show
                0x0000000000006837                move
                0x0000000000006a2b                checkBorder
                0x0000000000006a6a                checkHead
                0x0000000000006bab                showGameOver
                0x0000000000006bd7                showGameSuccess
                0x0000000000006c03                sleep
 .text          0x0000000000006c33      0x18a kernel/clock.o
                0x0000000000006c33                clock_handler
                0x0000000000006d20                milli_delay
                0x0000000000006d59                init_clock
 .text          0x0000000000006dbd      0x6da kernel/keyboard.o
                0x0000000000006dbd                keyboard_handler
                0x0000000000006e23                init_keyboard
                0x0000000000006ed2                keyboard_read
 .text          0x0000000000007497      0x9de kernel/tty.o
                0x0000000000007497                task_tty
                0x000000000000764b                in_process
                0x0000000000007b7c                sys_printx
                0x0000000000007d1e                dump_tty_buf
 .text          0x0000000000007e75      0x7e1 kernel/console.o
                0x0000000000007e75                init_screen
                0x0000000000007fe6                out_char
                0x00000000000082a3                clear_screen
                0x00000000000082dc                is_current_console
                0x00000000000082ff                set_cursor
                0x0000000000008368                set_video_start_addr
                0x00000000000083d1                select_console
                0x000000000000840c                scroll_screen
                0x00000000000085f0                flush
 .text          0x0000000000008656      0x13c kernel/i8259.o
                0x0000000000008656                init_8259A
                0x0000000000008747                spurious_irq
                0x0000000000008772                put_irq_handler
 .text          0x0000000000008792        0x0 kernel/global.o
 .text          0x0000000000008792      0x7e9 kernel/protect.o
                0x0000000000008792                init_prot
                0x0000000000008d93                seg2phys
                0x0000000000008e4e                exception_handler
 .text          0x0000000000008f7b     0x1a97 kernel/proc.o
                0x0000000000008f7b                schedule
                0x000000000000900c                sys_sendrec
                0x000000000000916b                send_recv
                0x000000000000924b                ldt_seg_linear
                0x0000000000009295                va2la
                0x0000000000009304                reset_msg
                0x000000000000a370                inform_int
                0x000000000000a52d                dump_proc
                0x000000000000a8cb                dump_msg
 .text          0x000000000000aa12       0x95 kernel/systask.o
                0x000000000000aa12                task_sys
 .text          0x000000000000aaa7      0xda3 kernel/hd.o
                0x000000000000aaa7                task_hd
                0x000000000000b825                hd_handler
 .text          0x000000000000b84a       0xc0 lib/printf.o
                0x000000000000b84a                printf
                0x000000000000b8c9                printl
 .text          0x000000000000b90a      0x318 lib/vsprintf.o
                0x000000000000b96d                vsprintf
                0x000000000000bbf8                sprintf
 *fill*         0x000000000000bc22        0xe 
 .text          0x000000000000bc30      0x19a lib/kliba.o
                0x000000000000bc30                disp_str
                0x000000000000bc6e                disp_color_str
                0x000000000000bcad                out_byte
                0x000000000000bcb9                in_byte
                0x000000000000bcc3                port_read
                0x000000000000bcd6                port_write
                0x000000000000bce9                disable_irq
                0x000000000000bd1e                enable_irq
                0x000000000000bd3d                disable_int
                0x000000000000bd3f                enable_int
                0x000000000000bd41                glitter
 .text          0x000000000000bdca      0x1d2 lib/klib.o
                0x000000000000bdca                itoa
                0x000000000000be75                atoi
                0x000000000000bf31                disp_int
                0x000000000000bf56                delay
 *fill*         0x000000000000bf9c        0x4 
 .text          0x000000000000bfa0       0x78 lib/string.o
                0x000000000000bfa0                memcpy
                0x000000000000bfc9                memset
                0x000000000000bfea                strcpy
                0x000000000000c002                strlen
 .text          0x000000000000c018       0x48 lib/ls.o
                0x000000000000c018                ls
 .text          0x000000000000c060     0x183f lib/sl.o
                0x000000000000c060                sl
 .text          0x000000000000d89f      0x22d lib/misc.o
                0x000000000000d89f                memcmp
                0x000000000000d915                strcmp
                0x000000000000d987                strcat
                0x000000000000d9e6                strstr
                0x000000000000da6b                spin
                0x000000000000da86                assertion_failure
 .text          0x000000000000dacc       0x74 lib/mkdir.o
                0x000000000000dacc                mkdir
 .text          0x000000000000db40       0x73 lib/open.o
                0x000000000000db40                open
 .text          0x000000000000dbb3       0x3f lib/read.o
                0x000000000000dbb3                read
 .text          0x000000000000dbf2       0x3f lib/write.o
                0x000000000000dbf2                write
 .text          0x000000000000dc31       0x33 lib/close.o
                0x000000000000dc31                close
 .text          0x000000000000dc64       0x41 lib/unlink.o
                0x000000000000dc64                unlink
 .text          0x000000000000dca5       0x59 lib/getpid.o
                0x000000000000dca5                getpid
 .text          0x000000000000dcfe       0xdb lib/syslog.o
                0x000000000000dcfe                syslog
 .text          0x000000000000ddd9      0xee6 fs/main.o
                0x000000000000ddd9                task_fs
                0x000000000000e76f                rw_sector
                0x000000000000e9a9                get_super_block
                0x000000000000e9ef                get_inode
                0x000000000000eb5d                put_inode
                0x000000000000eba2                sync_inode
 .text          0x000000000000ecbf      0xee1 fs/open.o
                0x000000000000ecbf                do_open
                0x000000000000f20a                do_close
                0x000000000000f262                do_ls
                0x000000000000f47a                do_mkdir
                0x000000000000f56b                do_lseek
 .text          0x000000000000fba0      0x4fd fs/misc.o
                0x000000000000fba0                find_entry
                0x000000000000fd1d                search_file
                0x000000000000fe9f                strip_path
 .text          0x000000000001009d      0x522 fs/read_write.o
                0x000000000001009d                do_rdwt
 .text          0x00000000000105bf      0x8ff fs/link.o
                0x00000000000105bf                do_unlink
 .text          0x0000000000010ebe     0x14b3 fs/disklog.o
                0x0000000000010ebe                do_disklog
                0x0000000000010f69                disklog
                0x0000000000011513                dump_fd_graph
 *(.gnu.warning)

.fini
 *(SORT(.fini))
                0x0000000000012371                PROVIDE (__etext, .)
                0x0000000000012371                PROVIDE (_etext, .)
                0x0000000000012371                PROVIDE (etext, .)

.rodata         0x0000000000012380     0x895f
 *(.rodata .rodata.* .gnu.linkonce.r.*)
 .rodata        0x0000000000012380       0x47 kernel/start.o
 *fill*         0x00000000000123c7        0x9 
 .rodata        0x00000000000123d0      0xffc kernel/main.o
                0x00000000000131f8                mapH
                0x00000000000131fc                mapW
 .rodata        0x00000000000133cc       0x64 kernel/keyboard.o
 .rodata        0x0000000000013430      0x13c kernel/tty.o
 .rodata        0x000000000001356c       0x5b kernel/console.o
 .rodata        0x00000000000135c7       0x11 kernel/i8259.o
 .rodata        0x00000000000135d8        0x4 kernel/global.o
                0x00000000000135d8                FSBUF_SIZE
 *fill*         0x00000000000135dc        0x4 
 .rodata        0x00000000000135e0      0x540 kernel/protect.o
 .rodata        0x0000000000013b20      0x62e kernel/proc.o
 .rodata        0x000000000001414e       0x11 kernel/systask.o
 *fill*         0x000000000001415f        0x1 
 .rodata        0x0000000000014160      0x140 kernel/hd.o
 .rodata        0x00000000000142a0       0x14 lib/printf.o
 .rodata        0x00000000000142b4     0x5c40 lib/sl.o
 .rodata        0x0000000000019ef4       0x61 lib/misc.o
 .rodata        0x0000000000019f55       0x24 lib/mkdir.o
 .rodata        0x0000000000019f79       0x23 lib/open.o
 .rodata        0x0000000000019f9c       0x25 lib/getpid.o
 .rodata        0x0000000000019fc1       0x32 lib/syslog.o
 *fill*         0x0000000000019ff3        0x1 
 .rodata        0x0000000000019ff4      0x26e fs/main.o
 *fill*         0x000000000001a262        0x2 
 .rodata        0x000000000001a264      0x150 fs/open.o
 .rodata        0x000000000001a3b4      0x164 fs/read_write.o
 .rodata        0x000000000001a518      0x19d fs/link.o
 *fill*         0x000000000001a6b5        0x3 
 .rodata        0x000000000001a6b8      0x627 fs/disklog.o

.rodata1
 *(.rodata1)

.eh_frame_hdr
 *(.eh_frame_hdr)

.eh_frame       0x000000000001ace0     0x170c
 *(.eh_frame)
 .eh_frame      0x000000000001ace0       0x38 kernel/start.o
 .eh_frame      0x000000000001ad18      0x6c0 kernel/main.o
                                        0x6d8 (size before relaxing)
 .eh_frame      0x000000000001b3d8       0x60 kernel/clock.o
                                         0x78 (size before relaxing)
 .eh_frame      0x000000000001b438       0xe0 kernel/keyboard.o
                                         0xf8 (size before relaxing)
 .eh_frame      0x000000000001b518      0x13c kernel/tty.o
                                        0x154 (size before relaxing)
 .eh_frame      0x000000000001b654      0x148 kernel/console.o
                                        0x160 (size before relaxing)
 .eh_frame      0x000000000001b79c       0x60 kernel/i8259.o
                                         0x78 (size before relaxing)
 .eh_frame      0x000000000001b7fc       0xb0 kernel/protect.o
                                         0xc8 (size before relaxing)
 .eh_frame      0x000000000001b8ac      0x1e0 kernel/proc.o
                                        0x1f8 (size before relaxing)
 .eh_frame      0x000000000001ba8c       0x1c kernel/systask.o
                                         0x34 (size before relaxing)
 .eh_frame      0x000000000001baa8      0x208 kernel/hd.o
                                        0x220 (size before relaxing)
 .eh_frame      0x000000000001bcb0       0x40 lib/printf.o
                                         0x58 (size before relaxing)
 .eh_frame      0x000000000001bcf0       0x68 lib/vsprintf.o
                                         0x80 (size before relaxing)
 .eh_frame      0x000000000001bd58       0x80 lib/klib.o
                                         0x98 (size before relaxing)
 .eh_frame      0x000000000001bdd8       0x20 lib/ls.o
                                         0x38 (size before relaxing)
 .eh_frame      0x000000000001bdf8       0x20 lib/sl.o
                                         0x38 (size before relaxing)
 .eh_frame      0x000000000001be18       0xbc lib/misc.o
                                         0xd4 (size before relaxing)
 .eh_frame      0x000000000001bed4       0x20 lib/mkdir.o
                                         0x38 (size before relaxing)
 .eh_frame      0x000000000001bef4       0x20 lib/open.o
                                         0x38 (size before relaxing)
 .eh_frame      0x000000000001bf14       0x20 lib/read.o
                                         0x38 (size before relaxing)
 .eh_frame      0x000000000001bf34       0x20 lib/write.o
                                         0x38 (size before relaxing)
 .eh_frame      0x000000000001bf54       0x20 lib/close.o
                                         0x38 (size before relaxing)
 .eh_frame      0x000000000001bf74       0x20 lib/unlink.o
                                         0x38 (size before relaxing)
 .eh_frame      0x000000000001bf94       0x20 lib/getpid.o
                                         0x38 (size before relaxing)
 .eh_frame      0x000000000001bfb4       0x20 lib/syslog.o
                                         0x38 (size before relaxing)
 .eh_frame      0x000000000001bfd4      0x134 fs/main.o
                                        0x14c (size before relaxing)
 .eh_frame      0x000000000001c108      0x194 fs/open.o
                                        0x1ac (size before relaxing)
 .eh_frame      0x000000000001c29c       0x78 fs/misc.o
                                         0x90 (size before relaxing)
 .eh_frame      0x000000000001c314       0x2c fs/read_write.o
                                         0x44 (size before relaxing)
 .eh_frame      0x000000000001c340       0x2c fs/link.o
                                         0x44 (size before relaxing)
 .eh_frame      0x000000000001c36c       0x80 fs/disklog.o
                                         0x98 (size before relaxing)

.gcc_except_table
 *(.gcc_except_table .gcc_except_table.*)

.exception_ranges
 *(.exception_ranges .exception_ranges*)
                0x000000000001c3ec                . = (ALIGN (0x1000) - ((0x1000 - .) & 0xfff))
                0x000000000001d3ec                . = DATA_SEGMENT_ALIGN (0x1000, 0x1000)

.eh_frame
 *(.eh_frame)

.gcc_except_table
 *(.gcc_except_table .gcc_except_table.*)

.exception_ranges
 *(.exception_ranges .exception_ranges*)

.tdata
 *(.tdata .tdata.* .gnu.linkonce.td.*)

.tbss
 *(.tbss .tbss.* .gnu.linkonce.tb.*)
 *(.tcommon)

.preinit_array  0x000000000001d3ec        0x0
                0x000000000001d3ec                PROVIDE (__preinit_array_start, .)
 *(.preinit_array)
                0x000000000001d3ec                PROVIDE (__preinit_array_end, .)

.init_array     0x000000000001d3ec        0x0
                0x000000000001d3ec                PROVIDE (__init_array_start, .)
 *(SORT(.init_array.*) SORT(.ctors.*))
 *(.init_array EXCLUDE_FILE(*crtend?.o *crtend.o *crtbegin?.o *crtbegin.o) .ctors)
                0x000000000001d3ec                PROVIDE (__init_array_end, .)

.fini_array     0x000000000001d3ec        0x0
                0x000000000001d3ec                PROVIDE (__fini_array_start, .)
 *(SORT(.fini_array.*) SORT(.dtors.*))
 *(.fini_array EXCLUDE_FILE(*crtend?.o *crtend.o *crtbegin?.o *crtbegin.o) .dtors)
                0x000000000001d3ec                PROVIDE (__fini_array_end, .)

.ctors
 *crtbegin.o(.ctors)
 *crtbegin?.o(.ctors)
 *(EXCLUDE_FILE(*crtend?.o *crtend.o) .ctors)
 *(SORT(.ctors.*))
 *(.ctors)

.dtors
 *crtbegin.o(.dtors)
 *crtbegin?.o(.dtors)
 *(EXCLUDE_FILE(*crtend?.o *crtend.o) .dtors)
 *(SORT(.dtors.*))
 *(.dtors)

.jcr
 *(.jcr)

.data.rel.ro
 *(.data.rel.ro.local* .gnu.linkonce.d.rel.ro.local.*)
 *(.data.rel.ro .data.rel.ro.* .gnu.linkonce.d.rel.ro.*)

.dynamic
 *(.dynamic)

.got
 *(.got)
 *(.igot)
                0x000000000001d3ec                . = DATA_SEGMENT_RELRO_END (., (SIZEOF (.got.plt) >= 0xc)?0xc:0x0)

.got.plt        0x000000000001d3ec        0x0
 *(.got.plt)
 *(.igot.plt)
 .igot.plt      0x0000000000000000        0x0 kernel/kernel.o

.data           0x000000000001d400      0x880
 *(.data .data.* .gnu.linkonce.d.*)
 .data          0x000000000001d400        0x2 kernel/kernel.o
 .data          0x000000000001d402        0x0 kernel/start.o
 *fill*         0x000000000001d402       0x1e 
 .data          0x000000000001d420       0xc4 kernel/main.o
                0x000000000001d424                _seed2
                0x000000000001d428                sHead
                0x000000000001d429                sBody
                0x000000000001d42a                sFood
                0x000000000001d42b                sNode
                0x000000000001d440                food
                0x000000000001d4b8                eat
                0x000000000001d4bc                win
                0x000000000001d4c0                sLength
                0x000000000001d4c4                dx
                0x000000000001d4d4                dy
 .data          0x000000000001d4e4        0x0 kernel/clock.o
 *fill*         0x000000000001d4e4       0x1c 
 .data          0x000000000001d500      0x600 kernel/keyboard.o
                0x000000000001d500                keymap
 .data          0x000000000001db00       0x22 kernel/tty.o
 .data          0x000000000001db22        0x0 kernel/console.o
 .data          0x000000000001db22        0x0 kernel/i8259.o
 *fill*         0x000000000001db22       0x1e 
 .data          0x000000000001db40      0x140 kernel/global.o
                0x000000000001db40                task_table
                0x000000000001dbe0                user_proc_table
                0x000000000001dc58                sys_call_table
                0x000000000001dc64                dd_map
                0x000000000001dc7c                fsbuf
 .data          0x000000000001dc80        0x0 kernel/protect.o
 .data          0x000000000001dc80        0x0 kernel/proc.o
 .data          0x000000000001dc80        0x0 kernel/systask.o
 .data          0x000000000001dc80        0x0 kernel/hd.o
 .data          0x000000000001dc80        0x0 lib/printf.o
 .data          0x000000000001dc80        0x0 lib/vsprintf.o
 .data          0x000000000001dc80        0x0 lib/klib.o
 .data          0x000000000001dc80        0x0 lib/ls.o
 .data          0x000000000001dc80        0x0 lib/sl.o
 .data          0x000000000001dc80        0x0 lib/misc.o
 .data          0x000000000001dc80        0x0 lib/mkdir.o
 .data          0x000000000001dc80        0x0 lib/open.o
 .data          0x000000000001dc80        0x0 lib/read.o
 .data          0x000000000001dc80        0x0 lib/write.o
 .data          0x000000000001dc80        0x0 lib/close.o
 .data          0x000000000001dc80        0x0 lib/unlink.o
 .data          0x000000000001dc80        0x0 lib/getpid.o
 .data          0x000000000001dc80        0x0 lib/syslog.o
 .data          0x000000000001dc80        0x0 fs/main.o
 .data          0x000000000001dc80        0x0 fs/open.o
 .data          0x000000000001dc80        0x0 fs/misc.o
 .data          0x000000000001dc80        0x0 fs/read_write.o
 .data          0x000000000001dc80        0x0 fs/link.o
 .data          0x000000000001dc80        0x0 fs/disklog.o

.data1
 *(.data1)
                0x000000000001dc80                _edata = .
                0x000000000001dc80                PROVIDE (edata, .)
                0x000000000001dc80                . = .
                0x000000000001dc80                __bss_start = .

.bss            0x000000000001dc80    0x3e1d4
 *(.dynbss)
 *(.bss .bss.* .gnu.linkonce.b.*)
 .bss           0x000000000001dc80      0x800 kernel/kernel.o
 .bss           0x000000000001e480        0x0 kernel/start.o
 .bss           0x000000000001e480       0x68 kernel/main.o
                0x000000000001e480                numbers2048
                0x000000000001e4c0                tempUnit2048
                0x000000000001e4d0                score2048
                0x000000000001e4d4                validity2048
                0x000000000001e4d8                option2048
                0x000000000001e4dc                listenerStart
                0x000000000001e4e0                foodNum
                0x000000000001e4e4                overOrNot
 .bss           0x000000000001e4e8        0x0 kernel/clock.o
 *fill*         0x000000000001e4e8       0x18 
 .bss           0x000000000001e500       0x58 kernel/keyboard.o
 .bss           0x000000000001e558        0x0 kernel/tty.o
 .bss           0x000000000001e558        0x0 kernel/console.o
 .bss           0x000000000001e558        0x0 kernel/i8259.o
 .bss           0x000000000001e558        0x0 kernel/global.o
 .bss           0x000000000001e558        0x0 kernel/protect.o
 .bss           0x000000000001e558        0x0 kernel/proc.o
 .bss           0x000000000001e558        0x0 kernel/systask.o
 *fill*         0x000000000001e558        0x8 
 .bss           0x000000000001e560      0x64c kernel/hd.o
 .bss           0x000000000001ebac        0x0 lib/printf.o
 .bss           0x000000000001ebac        0x0 lib/vsprintf.o
 .bss           0x000000000001ebac        0x0 lib/klib.o
 .bss           0x000000000001ebac        0x0 lib/ls.o
 .bss           0x000000000001ebac        0x0 lib/sl.o
 .bss           0x000000000001ebac        0x0 lib/misc.o
 .bss           0x000000000001ebac        0x0 lib/mkdir.o
 .bss           0x000000000001ebac        0x0 lib/open.o
 .bss           0x000000000001ebac        0x0 lib/read.o
 .bss           0x000000000001ebac        0x0 lib/write.o
 .bss           0x000000000001ebac        0x0 lib/close.o
 .bss           0x000000000001ebac        0x0 lib/unlink.o
 .bss           0x000000000001ebac        0x0 lib/getpid.o
 .bss           0x000000000001ebac        0x0 lib/syslog.o
 .bss           0x000000000001ebac        0x0 fs/main.o
 .bss           0x000000000001ebac        0x0 fs/open.o
 .bss           0x000000000001ebac        0x0 fs/misc.o
 .bss           0x000000000001ebac        0x0 fs/read_write.o
 .bss           0x000000000001ebac        0x0 fs/link.o
 *fill*         0x000000000001ebac       0x14 
 .bss           0x000000000001ebc0      0x208 fs/disklog.o
 *(COMMON)
 *fill*         0x000000000001edc8       0x18 
 COMMON         0x000000000001ede0     0x1abc kernel/main.o
                0x000000000001ede0                Map
                0x000000000001f000                Snake
 *fill*         0x000000000002089c        0x4 
 COMMON         0x00000000000208a0    0x3b5a4 kernel/global.o
                0x00000000000208a0                idt_ptr
                0x00000000000208c0                inode_table
                0x00000000000213c0                task_stack
                0x00000000000593c0                k_reenter
                0x00000000000593e0                gdt
                0x00000000000597e0                current_console
                0x00000000000597e4                pcaller
                0x0000000000059800                tty_table
                0x000000000005a480                tss
                0x000000000005a500                fs_msg
                0x000000000005a540                f_desc_table
                0x000000000005a840                root_inode
                0x000000000005a844                disp_pos
                0x000000000005a848                key_pressed
                0x000000000005a84c                gdt_ptr
                0x000000000005a860                idt
                0x000000000005b060                super_block
                0x000000000005b240                ticks
                0x000000000005b260                console_table
                0x000000000005b2a0                irq_table
                0x000000000005b2e0                p_proc_ready
                0x000000000005b300                proc_table
 COMMON         0x000000000005be44       0x10 kernel/hd.o
                0x000000000005be44                PARTITION_ENTRY
                0x000000000005be54                . = ALIGN ((. != 0x0)?0x4:0x1)
                0x000000000005be54                . = ALIGN (0x4)
                0x000000000005be54                . = SEGMENT_START ("ldata-segment", .)
                0x000000000005be54                . = ALIGN (0x4)
                0x000000000005be54                _end = .
                0x000000000005be54                PROVIDE (end, .)
                0x000000000005be54                . = DATA_SEGMENT_END (.)

.stab
 *(.stab)

.stabstr
 *(.stabstr)

.stab.excl
 *(.stab.excl)

.stab.exclstr
 *(.stab.exclstr)

.stab.index
 *(.stab.index)

.stab.indexstr
 *(.stab.indexstr)

.comment        0x0000000000000000       0x2b
 *(.comment)
 .comment       0x0000000000000000       0x2b kernel/start.o
                                         0x2c (size before relaxing)
 .comment       0x0000000000000000       0x2c kernel/main.o
 .comment       0x0000000000000000       0x2c kernel/clock.o
 .comment       0x0000000000000000       0x2c kernel/keyboard.o
 .comment       0x0000000000000000       0x2c kernel/tty.o
 .comment       0x0000000000000000       0x2c kernel/console.o
 .comment       0x0000000000000000       0x2c kernel/i8259.o
 .comment       0x0000000000000000       0x2c kernel/global.o
 .comment       0x0000000000000000       0x2c kernel/protect.o
 .comment       0x0000000000000000       0x2c kernel/proc.o
 .comment       0x0000000000000000       0x2c kernel/systask.o
 .comment       0x0000000000000000       0x2c kernel/hd.o
 .comment       0x0000000000000000       0x2c lib/printf.o
 .comment       0x0000000000000000       0x2c lib/vsprintf.o
 .comment       0x0000000000000000       0x2c lib/klib.o
 .comment       0x0000000000000000       0x2c lib/ls.o
 .comment       0x0000000000000000       0x2c lib/sl.o
 .comment       0x0000000000000000       0x2c lib/misc.o
 .comment       0x0000000000000000       0x2c lib/mkdir.o
 .comment       0x0000000000000000       0x2c lib/open.o
 .comment       0x0000000000000000       0x2c lib/read.o
 .comment       0x0000000000000000       0x2c lib/write.o
 .comment       0x0000000000000000       0x2c lib/close.o
 .comment       0x0000000000000000       0x2c lib/unlink.o
 .comment       0x0000000000000000       0x2c lib/getpid.o
 .comment       0x0000000000000000       0x2c lib/syslog.o
 .comment       0x0000000000000000       0x2c fs/main.o
 .comment       0x0000000000000000       0x2c fs/open.o
 .comment       0x0000000000000000       0x2c fs/misc.o
 .comment       0x0000000000000000       0x2c fs/read_write.o
 .comment       0x0000000000000000       0x2c fs/link.o
 .comment       0x0000000000000000       0x2c fs/disklog.o

.debug
 *(.debug)

.line
 *(.line)

.debug_srcinfo
 *(.debug_srcinfo)

.debug_sfnames
 *(.debug_sfnames)

.debug_aranges
 *(.debug_aranges)

.debug_pubnames
 *(.debug_pubnames)

.debug_info
 *(.debug_info .gnu.linkonce.wi.*)

.debug_abbrev
 *(.debug_abbrev)

.debug_line
 *(.debug_line .debug_line.* .debug_line_end)

.debug_frame
 *(.debug_frame)

.debug_str
 *(.debug_str)

.debug_loc
 *(.debug_loc)

.debug_macinfo
 *(.debug_macinfo)

.debug_weaknames
 *(.debug_weaknames)

.debug_funcnames
 *(.debug_funcnames)

.debug_typenames
 *(.debug_typenames)

.debug_varnames
 *(.debug_varnames)

.debug_pubtypes
 *(.debug_pubtypes)

.debug_ranges
 *(.debug_ranges)

.debug_macro
 *(.debug_macro)

.gnu.attributes
 *(.gnu.attributes)

/DISCARD/
 *(.note.GNU-stack)
 *(.gnu_debuglink)
 *(.gnu.lto_*)
OUTPUT(kernel.bin elf32-i386)
